[2026-08-11 17:04:21] PcLockBot is running. Press Ctrl+C to stop.
[2026-08-11 17:04:21] Lock command received from paired Telegram chat.
[2026-08-11 17:04:21] Lock command received from paired Telegram chat.
[2026-08-11 17:04:32] PcLockBot is already running. This instance exits.
[2026-08-11 17:04:43] Lock command received from paired Telegram chat.
[2026-08-11 17:04:50] Lock command received from paired Telegram chat.
[2026-08-11 17:04:55] Lock command received from paired Telegram chat.
[2026-08-11 17:04:56] Lock command received from paired Telegram chat.
[2026-08-11 17:04:57] Lock command received from paired Telegram chat.
[2026-08-11 20:07:41] Lock command received from paired Telegram chat.
[2026-08-14 21:02:05] PcLockBot is running. Press Ctrl+C to stop.
[2026-08-15 17:32:35] PcLockBot is running. Press Ctrl+C to stop.
[2026-09-06 18:47:04] PcLockBot is running. Press Ctrl+C to stop.
[2026-09-08 18:12:14] PcLockBot is running. Press Ctrl+C to stop.
[2026-09-08 22:36:11] PcLockBot is running. Press Ctrl+C to stop.
[2026-09-09 07:50:43] PcLockBot is running. Press Ctrl+C to stop.
[2026-09-09 19:15:35] PcLockBot is running. Press Ctrl+C to stop.
[2026-09-14 11:59:10] PcLockBot is running. Press Ctrl+C to stop.
[2026-09-16 12:47:56] PcLockBot is running. Press Ctrl+C to stop.
[2026-09-21 13:44:38] PcLockBot is running. Press Ctrl+C to stop.
[2026-10-01 06:44:40] PcLockBot is running. Press Ctrl+C to stop.
[2026-10-01 07:24:44] Lock command received from paired Telegram chat.
[2026-10-02 10:50:22] Error: Timeout für Vorgang überschritten. Retry in 5 seconds.
[2026-10-02 13:21:51] Error: Die Anfrage wurde abgebrochen: Die Verbindung wurde unerwartet getrennt... Retry in 5 seconds.
[2026-10-02 14:07:35] Error: Timeout für Vorgang überschritten. Retry in 5 seconds.
[2026-10-02 16:44:49] Error: Die Anfrage wurde abgebrochen: Die Anfrage wurde abgebrochen... Retry in 5 seconds.
[2026-10-02 20:47:38] Error: Die Anfrage wurde abgebrochen: Die Anfrage wurde abgebrochen... Retry in 5 seconds.
[2026-10-04 09:11:55] Error: Die zugrunde liegende Verbindung wurde geschlossen: Unbekannter Fehler beim Empfangen... Retry in 5 seconds.
